{
    "Path": "README",
    "Data": "SGVsbG8NCjEyMw=="
}